kra-lint: Using config file ".kra-lint"
kra-lint: Unknown config format "xyz"
