kra-lint: Using config file ".kra-lint"
kra-lint: stream did not contain valid UTF-8
kra-lint: stream did not contain valid UTF-8
