sub_pass_01.kra: Prohibited use of animated layer
                 | Layer: "Paint Layer 1"

sub_pass_02.kra: Prohibited use of animated mask
                 | Layer: "Paint Layer 1", Mask: "Transparency Mask 1"

sub_pass_03.kra: Incorrect animation framerate
                 | Expected: "24fps", Found: "60fps"

sub_pass_04.kra: Prohibited use of animated layer
                 | Layer: "Paint Layer 1"

sub_pass_04.kra: Unpinned animated layer
                 | Layer: "Paint Layer 1"

sub_pass_05.kra: Prohibited use of animated mask
                 | Layer: "Paint Layer 1", Mask: "Transparency Mask 1"

sub_pass_05.kra: Unpinned animated mask
                 | Layer: "Paint Layer 1", Mask: "Transparency Mask 1"

sub_pass_06.kra: Active onion skins leading to false document previews
                 | Layer: "Paint Layer 1"

sub_pass_06.kra: Prohibited use of animated layer
                 | Layer: "Paint Layer 1"

sub_pass_07_01.kra: Incorrect paint layer frame frequency
                    | Layer: "Paint Layer 1", Expected: "multiplies_of(2)", Found: "1"

sub_pass_07_01.kra: Prohibited use of animated layer
                    | Layer: "Paint Layer 1"

sub_pass_07_02.kra: Prohibited use of animated layer
                    | Layer: "Paint Layer 1"

sub_pass_07_03.kra: Incorrect paint layer frame frequency
                    | Layer: "Paint Layer 1", Expected: "multiplies_of(2)", Found: "3"

sub_pass_07_03.kra: Prohibited use of animated layer
                    | Layer: "Paint Layer 1"

kra-lint: 14 issues found
