- path: sub_pass_01_01.kra
  messages:
  - message_title: Incorrect document name
    message_metadata:
    - metadata_type: expected
      metadata_content: not(contains("Test"))
    - metadata_type: found
      metadata_content: Test
- path: sub_pass_01_02.kra
  messages:
  - message_title: Incorrect document size
    message_metadata:
    - metadata_type: expected
      metadata_content: 256×256px/(any)dpi
    - metadata_type: found
      metadata_content: 128×128px/300dpi
