kra-lint: Using config file ".kra-lint"
kra-lint: Config file not found ".kra-lint"
