kra-lint: Using config file ".kra-lint"
kra-lint: Config include not found "does-not-exist.toml" (included from: ".kra-lint")
